[    0.000000] Initializing cgroup subsys cpuset
[    0.000000] Initializing cgroup subsys cpu
[    0.000000] Initializing cgroup subsys cpuacct
[    0.000000] Linux version 4.4.0-169-generic (buildd@lgw01-amd64-038) (gcc version 5.4.0 20160609 (Ubuntu 5.4.0-6ubuntu1~16.04.12) ) #198-Ubuntu SMP Tue Nov 12 10:38:00 UTC 2019 (Ubuntu 4.4.0-169.198-generic 4.4.197)
[    0.000000] Command line: BOOT_IMAGE=/boot/vmlinuz-4.4.0-169-generic root=LABEL=cloudimg-rootfs ro console=tty1 console=ttyS0
[    0.000000] KERNEL supported cpus:
[    0.000000]   Intel GenuineIntel
[    0.000000]   AMD AuthenticAMD
[    0.000000]   Centaur CentaurHauls
[    0.000000] x86/fpu: xstate_offset[2]:  576, xstate_sizes[2]:  256
[    0.000000] x86/fpu: Supporting XSAVE feature 0x01: 'x87 floating point registers'
[    0.000000] x86/fpu: Supporting XSAVE feature 0x02: 'SSE registers'
[    0.000000] x86/fpu: Supporting XSAVE feature 0x04: 'AVX registers'
[    0.000000] x86/fpu: Enabled xstate features 0x7, context size is 832 bytes, using 'standard' format.
[    0.000000] e820: BIOS-provided physical RAM map:
[    0.000000] BIOS-e820: [mem 0x0000000000000000-0x000000000009fbff] usable
[    0.000000] BIOS-e820: [mem 0x000000000009fc00-0x000000000009ffff] reserved
[    0.000000] BIOS-e820: [mem 0x00000000000f0000-0x00000000000fffff] reserved
[    0.000000] BIOS-e820: [mem 0x0000000000100000-0x000000007ffeffff] usable
[    0.000000] BIOS-e820: [mem 0x000000007fff0000-0x000000007fffffff] ACPI data
[    0.000000] BIOS-e820: [mem 0x00000000fec00000-0x00000000fec00fff] reserved
[    0.000000] BIOS-e820: [mem 0x00000000fee00000-0x00000000fee00fff] reserved
[    0.000000] BIOS-e820: [mem 0x00000000fffc0000-0x00000000ffffffff] reserved
[    0.000000] NX (Execute Disable) protection: active
[    0.000000] SMBIOS 2.5 present.
[    0.000000] Hypervisor detected: KVM
[    0.000000] e820: last_pfn = 0x7fff0 max_arch_pfn = 0x400000000
[    0.000000] MTRR: Disabled
[    0.000000] x86/PAT: MTRRs disabled, skipping PAT initialization too.
[    0.000000] CPU MTRRs all blank - virtualized system.
[    0.000000] x86/PAT: Configuration [0-7]: WB  WT  UC- UC  WB  WT  UC- UC  
[    0.000000] found SMP MP-table at [mem 0x0009fff0-0x0009ffff] mapped at [ffff88000009fff0]
[    0.000000] Scanning 1 areas for low memory corruption
[    0.000000] RAMDISK: [mem 0x362f6000-0x37172fff]
[    0.000000] ACPI: Early table checksum verification disabled
[    0.000000] ACPI: RSDP 0x00000000000E0000 000024 (v02 VBOX  )
[    0.000000] ACPI: XSDT 0x000000007FFF0030 00003C (v01 VBOX   VBOXXSDT 00000001 ASL  00000061)
[    0.000000] ACPI: FACP 0x000000007FFF00F0 0000F4 (v04 VBOX   VBOXFACP 00000001 ASL  00000061)
[    0.000000] ACPI: DSDT 0x000000007FFF04A0 0022EA (v02 VBOX   VBOXBIOS 00000002 INTL 20190703)
[    0.000000] ACPI: FACS 0x000000007FFF0200 000040
[    0.000000] ACPI: FACS 0x000000007FFF0200 000040
[    0.000000] ACPI: APIC 0x000000007FFF0240 00008C (v02 VBOX   VBOXAPIC 00000001 ASL  00000061)
[    0.000000] ACPI: SSDT 0x000000007FFF02D0 0001CC (v01 VBOX   VBOXCPUT 00000002 INTL 20190703)
[    0.000000] No NUMA configuration found
[    0.000000] Faking a node at [mem 0x0000000000000000-0x000000007ffeffff]
[    0.000000] NODE_DATA(0) allocated [mem 0x7ffeb000-0x7ffeffff]
[    0.000000] kvm-clock: Using msrs 4b564d01 and 4b564d00
[    0.000000] kvm-clock: cpu 0, msr 0:7ffe3001, primary cpu clock
[    0.000000] kvm-clock: using sched offset of 3118627753 cycles
[    0.000000] clocksource: kvm-clock: mask: 0xffffffffffffffff max_cycles: 0x1cd42e4dffb, max_idle_ns: 881590591483 ns
[    0.000000] Zone ranges:
[    0.000000]   DMA      [mem 0x0000000000001000-0x0000000000ffffff]
[    0.000000]   DMA32    [mem 0x0000000001000000-0x000000007ffeffff]
[    0.000000]   Normal   empty
[    0.000000]   Device   empty
[    0.000000] Movable zone start for each node
[    0.000000] Early memory node ranges
[    0.000000]   node   0: [mem 0x0000000000001000-0x000000000009efff]
[    0.000000]   node   0: [mem 0x0000000000100000-0x000000007ffeffff]
[    0.000000] Initmem setup node 0 [mem 0x0000000000001000-0x000000007ffeffff]
[    0.000000] ACPI: PM-Timer IO Port: 0x4008
[    0.000000] IOAPIC[0]: apic_id 8, version 32, address 0xfec00000, GSI 0-23
[    0.000000] ACPI: INT_SRC_OVR (bus 0 bus_irq 0 global_irq 2 dfl dfl)
[    0.000000] ACPI: INT_SRC_OVR (bus 0 bus_irq 9 global_irq 9 low level)
[    0.000000] Using ACPI (MADT) for SMP configuration information
[    0.000000] smpboot: Allowing 8 CPUs, 0 hotplug CPUs
[    0.000000] PM: Registered nosave memory: [mem 0x00000000-0x00000fff]
[    0.000000] PM: Registered nosave memory: [mem 0x0009f000-0x0009ffff]
[    0.000000] PM: Registered nosave memory: [mem 0x000a0000-0x000effff]
[    0.000000] PM: Registered nosave memory: [mem 0x000f0000-0x000fffff]
[    0.000000] e820: [mem 0x80000000-0xfebfffff] available for PCI devices
[    0.000000] Booting paravirtualized kernel on KVM
[    0.000000] clocksource: refined-jiffies: mask: 0xffffffff max_cycles: 0xffffffff, max_idle_ns: 7645519600211568 ns
[    0.000000] setup_percpu: NR_CPUS:512 nr_cpumask_bits:512 nr_cpu_ids:8 nr_node_ids:1
[    0.000000] PERCPU: Embedded 33 pages/cpu @ffff88007fc00000 s95448 r8192 d31528 u262144
[    0.000000] Built 1 zonelists in Node order, mobility grouping on.  Total pages: 515960
[    0.000000] Policy zone: DMA32
[    0.000000] Kernel command line: BOOT_IMAGE=/boot/vmlinuz-4.4.0-169-generic root=LABEL=cloudimg-rootfs ro console=tty1 console=ttyS0
[    0.000000] PID hash table entries: 4096 (order: 3, 32768 bytes)
[    0.000000] Memory: 2029120K/2096696K available (8623K kernel code, 1336K rwdata, 4036K rodata, 1488K init, 1288K bss, 67576K reserved, 0K cma-reserved)
[    0.000000] SLUB: HWalign=64, Order=0-3, MinObjects=0, CPUs=8, Nodes=1
[    0.000000] Kernel/User page tables isolation: enabled
[    0.000000] Hierarchical RCU implementation.
[    0.000000] 	Build-time adjustment of leaf fanout to 64.
[    0.000000] 	RCU restricting CPUs from NR_CPUS=512 to nr_cpu_ids=8.
[    0.000000] RCU: Adjusting geometry for rcu_fanout_leaf=64, nr_cpu_ids=8
[    0.000000] NR_IRQS:33024 nr_irqs:488 16
[    0.000000] Console: colour VGA+ 80x25
[    0.000000] console [tty1] enabled
[    0.000000] console [ttyS0] enabled
[    0.000000] tsc: Detected 2807.998 MHz processor
[    0.116781] Calibrating delay loop (skipped) preset value.. 5615.99 BogoMIPS (lpj=11231992)
[    0.118078] pid_max: default: 32768 minimum: 301
[    0.118851] ACPI: Core revision 20150930
[    0.120212] ACPI: 2 ACPI AML tables successfully acquired and loaded
[    0.121217] Security Framework initialized
[    0.121853] Yama: becoming mindful.
[    0.122431] AppArmor: AppArmor initialized
[    0.123498] Dentry cache hash table entries: 262144 (order: 9, 2097152 bytes)
[    0.124689] Inode-cache hash table entries: 131072 (order: 8, 1048576 bytes)
[    0.126168] Mount-cache hash table entries: 4096 (order: 3, 32768 bytes)
[    0.127090] Mountpoint-cache hash table entries: 4096 (order: 3, 32768 bytes)
[    0.128184] Initializing cgroup subsys io
[    0.128834] Initializing cgroup subsys memory
[    0.129477] Initializing cgroup subsys devices
[    0.130126] Initializing cgroup subsys freezer
[    0.130827] Initializing cgroup subsys net_cls
[    0.131495] Initializing cgroup subsys perf_event
[    0.132235] Initializing cgroup subsys net_prio
[    0.132893] Initializing cgroup subsys hugetlb
[    0.133539] Initializing cgroup subsys pids
[    0.135298] mce: CPU supports 0 MCE banks
[    0.135974] Last level iTLB entries: 4KB 64, 2MB 8, 4MB 8
[    0.136721] Last level dTLB entries: 4KB 64, 2MB 0, 4MB 0, 1GB 4
[    0.137527] Spectre V1 : Mitigation: usercopy/swapgs barriers and __user pointer sanitization
[    0.138964] Spectre V2 : Mitigation: Full generic retpoline
[    0.139758] Spectre V2 : Spectre v2 / SpectreRSB mitigation: Filling RSB on context switch
[    0.140983] Speculative Store Bypass: Vulnerable
[    0.141713] MDS: Mitigation: Clear CPU buffers
[    0.144636] Freeing SMP alternatives memory: 36K
[    0.150447] ftrace: allocating 32301 entries in 127 pages
[    0.200088] smpboot: APIC(0) Converting physical 0 to logical package 0
[    0.201029] smpboot: Max logical packages: 1
[    0.201907] x2apic enabled
[    0.202559] Switched APIC routing to physical x2apic.
[    0.204160] ..TIMER: vector=0x30 apic1=0 pin1=2 apic2=-1 pin2=-1
[    0.313074] smpboot: CPU0: Intel(R) Core(TM) i7-7700HQ CPU @ 2.80GHz (family: 0x6, model: 0x9e, stepping: 0x9)
[    0.314791] Performance Events: unsupported p6 CPU model 158 no PMU driver, software events only.
[    0.325432] KVM setup paravirtual spinlock
[    0.327083] x86: Booting SMP configuration:
[    0.327720] .... node  #0, CPUs:      #1
[    0.328405] kvm-clock: cpu 1, msr 0:7ffe3041, secondary cpu clock
[    0.330109] mce: CPU supports 0 MCE banks
[    0.332534]  #2
[    0.332962] kvm-clock: cpu 2, msr 0:7ffe3081, secondary cpu clock
[    0.334814] mce: CPU supports 0 MCE banks
[    0.337436]  #3
[    0.337863] kvm-clock: cpu 3, msr 0:7ffe30c1, secondary cpu clock
[    0.339609] mce: CPU supports 0 MCE banks
[    0.342047]  #4
[    0.342569] kvm-clock: cpu 4, msr 0:7ffe3101, secondary cpu clock
[    0.344280] mce: CPU supports 0 MCE banks
[    0.346746]  #5
[    0.347095] kvm-clock: cpu 5, msr 0:7ffe3141, secondary cpu clock
[    0.348874] mce: CPU supports 0 MCE banks
[    0.351372]  #6
[    0.351710] kvm-clock: cpu 6, msr 0:7ffe3181, secondary cpu clock
[    0.353457] mce: CPU supports 0 MCE banks
[    0.355886]  #7
[    0.356278] kvm-clock: cpu 7, msr 0:7ffe31c1, secondary cpu clock
[    0.357945] mce: CPU supports 0 MCE banks
[    0.360365] x86: Booted up 1 node, 8 CPUs
[    0.361191] smpboot: Total of 8 processors activated (44927.96 BogoMIPS)
[    0.362706] devtmpfs: initialized
[    0.365369] evm: security.selinux
[    0.366150] evm: security.SMACK64
[    0.366774] evm: security.SMACK64EXEC
[    0.367449] evm: security.SMACK64TRANSMUTE
[    0.368146] evm: security.SMACK64MMAP
[    0.368789] evm: security.ima
[    0.369354] evm: security.capability
[    0.370190] clocksource: jiffies: mask: 0xffffffff max_cycles: 0xffffffff, max_idle_ns: 7645041785100000 ns
[    0.371697] futex hash table entries: 2048 (order: 5, 131072 bytes)
[    0.373291] pinctrl core: initialized pinctrl subsystem
[    0.374151] RTC time:  4:30:19, date: 12/08/19
[    0.375115] NET: Registered protocol family 16
[    0.385036] cpuidle: using governor ladder
[    0.397689] cpuidle: using governor menu
[    0.398518] PCCT header not found.
[    0.399156] ACPI: bus type PCI registered
[    0.399868] acpiphp: ACPI Hot Plug PCI Controller Driver version: 0.5
[    0.400976] PCI: Using configuration type 1 for base access
[    0.413807] ACPI: Added _OSI(Module Device)
[    0.414561] ACPI: Added _OSI(Processor Device)
[    0.415305] ACPI: Added _OSI(3.0 _SCP Extensions)
[    0.416037] ACPI: Added _OSI(Processor Aggregator Device)
[    0.417429] ACPI: Executed 1 blocks of module-level executable AML code
[    0.420233] ACPI: Interpreter enabled
[    0.420938] ACPI: (supports S0 S5)
[    0.421519] ACPI: Using IOAPIC for interrupt routing
[    0.422422] PCI: Using host bridge windows from ACPI; if necessary, use "pci=nocrs" and report a bug
[    0.426796] ACPI: PCI Root Bridge [PCI0] (domain 0000 [bus 00-ff])
[    0.427769] acpi PNP0A03:00: _OSC: OS supports [ASPM ClockPM Segments MSI]
[    0.429057] acpi PNP0A03:00: _OSC: not requesting OS control; OS requires [ExtendedConfig ASPM ClockPM MSI]
[    0.430532] acpi PNP0A03:00: fail to add MMCONFIG information, can't access extended PCI configuration space under this bridge.
[    0.432622] PCI host bridge to bus 0000:00
[    0.433449] pci_bus 0000:00: root bus resource [io  0x0000-0x0cf7 window]
[    0.434631] pci_bus 0000:00: root bus resource [io  0x0d00-0xffff window]
[    0.435845] pci_bus 0000:00: root bus resource [mem 0x000a0000-0x000bffff window]
[    0.437353] pci_bus 0000:00: root bus resource [mem 0x80000000-0xfdffffff window]
[    0.438655] pci_bus 0000:00: root bus resource [bus 00-ff]
[    0.441028] pci 0000:00:01.1: legacy IDE quirk: reg 0x10: [io  0x01f0-0x01f7]
[    0.442109] pci 0000:00:01.1: legacy IDE quirk: reg 0x14: [io  0x03f6]
[    0.443110] pci 0000:00:01.1: legacy IDE quirk: reg 0x18: [io  0x0170-0x0177]
[    0.452433] pci 0000:00:01.1: legacy IDE quirk: reg 0x1c: [io  0x0376]
[    0.482860] pci 0000:00:07.0: quirk: [io  0x4000-0x403f] claimed by PIIX4 ACPI
[    0.484125] pci 0000:00:07.0: quirk: [io  0x4100-0x410f] claimed by PIIX4 SMB
[    0.492575] ACPI: PCI Interrupt Link [LNKA] (IRQs 5 9 10 *11)
[    0.494102] ACPI: PCI Interrupt Link [LNKB] (IRQs 5 9 *10 11)
[    0.495432] ACPI: PCI Interrupt Link [LNKC] (IRQs 5 *9 10 11)
[    0.496787] ACPI: PCI Interrupt Link [LNKD] (IRQs 5 9 10 *11)
[    0.498143] ACPI: Enabled 2 GPEs in block 00 to 07
[    0.499443] vgaarb: setting as boot device: PCI:0000:00:02.0
[    0.500488] vgaarb: device added: PCI:0000:00:02.0,decodes=io+mem,owns=io+mem,locks=none
[    0.502113] vgaarb: loaded
[    0.502728] vgaarb: bridge control possible 0000:00:02.0
[    0.504020] SCSI subsystem initialized
[    0.504946] ACPI: bus type USB registered
[    0.505794] usbcore: registered new interface driver usbfs
[    0.506817] usbcore: registered new interface driver hub
[    0.507840] usbcore: registered new device driver usb
[    0.509260] PCI: Using ACPI for IRQ routing
[    0.510428] NetLabel: Initializing
[    0.511203] NetLabel:  domain hash size = 128
[    0.512077] NetLabel:  protocols = UNLABELED CIPSOv4
[    0.513032] NetLabel:  unlabeled traffic allowed by default
[    0.514246] amd_nb: Cannot enumerate AMD northbridges
[    0.515773] clocksource: Switched to clocksource kvm-clock
[    0.522791] AppArmor: AppArmor Filesystem Enabled
[    0.523824] pnp: PnP ACPI init
[    0.525224] pnp: PnP ACPI: found 3 devices
[    0.535394] clocksource: acpi_pm: mask: 0xffffff max_cycles: 0xffffff, max_idle_ns: 2085701024 ns
[    0.537130] NET: Registered protocol family 2
[    0.538140] TCP established hash table entries: 16384 (order: 5, 131072 bytes)
[    0.539623] TCP bind hash table entries: 16384 (order: 6, 262144 bytes)
[    0.541280] TCP: Hash tables configured (established 16384 bind 16384)
[    0.542427] UDP hash table entries: 1024 (order: 3, 32768 bytes)
[    0.543479] UDP-Lite hash table entries: 1024 (order: 3, 32768 bytes)
[    0.544661] NET: Registered protocol family 1
[    0.545628] pci 0000:00:00.0: Limiting direct PCI/PCI transfers
[    0.546813] pci 0000:00:01.0: Activating ISA DMA hang workarounds
[    0.548226] Unpacking initramfs...
[    0.746018] Freeing initrd memory: 14836K
[    0.746839] clocksource: tsc: mask: 0xffffffffffffffff max_cycles: 0x2879c456dd4, max_idle_ns: 440795285767 ns
[    0.748359] platform rtc_cmos: registered platform RTC device (no PNP device found)
[    0.749583] Scanning for low memory corruption every 60 seconds
[    0.751051] audit: initializing netlink subsys (disabled)
[    0.751961] audit: type=2000 audit(1575779424.323:1): initialized
[    0.753064] Initialise system trusted keyring
[    0.754161] HugeTLB registered 2 MB page size, pre-allocated 0 pages
[    0.756175] zbud: loaded
[    0.757002] VFS: Disk quotas dquot_6.6.0
[    0.757649] VFS: Dquot-cache hash table entries: 512 (order 0, 4096 bytes)
[    0.758825] squashfs: version 4.0 (2009/01/31) Phillip Lougher
[    0.760005] fuse init (API version 7.23)
[    0.760790] Key type big_key registered
[    0.761418] Allocating IMA MOK and blacklist keyrings.
[    0.764289] Key type asymmetric registered
[    0.764981] Asymmetric key parser 'x509' registered
[    0.765781] Block layer SCSI generic (bsg) driver version 0.4 loaded (major 249)
[    0.767135] io scheduler noop registered
[    0.767758] io scheduler deadline registered (default)
[    0.768692] io scheduler cfq registered
[    0.769411] pci_hotplug: PCI Hot Plug PCI Core version: 0.5
[    0.770267] pciehp: PCI Express Hot Plug Controller Driver version: 0.4
[    0.771364] ACPI: AC Adapter [AC] (off-line)
[    0.772241] input: Power Button as /devices/LNXSYSTM:00/LNXPWRBN:00/input/input0
[    0.773503] ACPI: Power Button [PWRF]
[    0.774201] input: Sleep Button as /devices/LNXSYSTM:00/LNXSLPBN:00/input/input1
[    0.775462] ACPI: Sleep Button [SLPF]
[    0.776474] GHES: HEST is not enabled!
[    0.777060] ACPI: Battery Slot [BAT0] (battery present)
[    0.778095] Serial: 8250/16550 driver, 32 ports, IRQ sharing enabled
[    0.799523] 00:02: ttyS0 at I/O 0x3f8 (irq = 4, base_baud = 115200) is a 16550A
[    0.803106] Linux agpgart interface v0.103
[    0.806985] loop: module loaded
[    0.808280] scsi host0: ata_piix
[    0.809098] scsi host1: ata_piix
[    0.809728] ata1: PATA max UDMA/33 cmd 0x1f0 ctl 0x3f6 bmdma 0xd000 irq 14
[    0.810747] ata2: PATA max UDMA/33 cmd 0x170 ctl 0x376 bmdma 0xd008 irq 15
[    0.811858] libphy: Fixed MDIO Bus: probed
[    0.813485] tun: Universal TUN/TAP device driver, 1.6
[    0.815185] tun: (C) 1999-2004 Max Krasnyansky <maxk@qualcomm.com>
[    0.816288] PPP generic driver version 2.4.2
[    0.817129] ehci_hcd: USB 2.0 'Enhanced' Host Controller (EHCI) Driver
[    0.818115] ehci-pci: EHCI PCI platform driver
[    0.818874] ehci-platform: EHCI generic platform driver
[    0.819708] ohci_hcd: USB 1.1 'Open' Host Controller (OHCI) Driver
[    0.820707] ohci-pci: OHCI PCI platform driver
[    0.821453] ohci-platform: OHCI generic platform driver
[    0.822305] uhci_hcd: USB Universal Host Controller Interface driver
[    0.823310] i8042: PNP: PS/2 Controller [PNP0303:PS2K,PNP0f03:PS2M] at 0x60,0x64 irq 1,12
[    0.825205] serio: i8042 KBD port at 0x60,0x64 irq 1
[    0.826010] serio: i8042 AUX port at 0x60,0x64 irq 12
[    0.827060] mousedev: PS/2 mouse device common for all mice
[    0.828614] rtc_cmos rtc_cmos: rtc core: registered rtc_cmos as rtc0
[    0.829655] rtc_cmos rtc_cmos: alarms up to one day, 114 bytes nvram
[    0.830665] input: AT Translated Set 2 keyboard as /devices/platform/i8042/serio0/input/input2
[    0.832110] i2c /dev entries driver
[    0.832858] device-mapper: uevent: version 1.0.3
[    0.833799] device-mapper: ioctl: 4.34.0-ioctl (2015-10-28) initialised: dm-devel@redhat.com
[    0.835213] ledtrig-cpu: registered to indicate activity on CPUs
[    0.836770] NET: Registered protocol family 10
[    0.837760] NET: Registered protocol family 17
[    0.838535] Key type dns_resolver registered
[    0.839975] registered taskstats version 1
[    0.840691] Loading compiled-in X.509 certificates
[    0.841995] Loaded X.509 cert 'Build time autogenerated kernel key: ef3203c14e3994470d47ef6a7e15c1ade40f8e1e'
[    0.843570] zswap: loaded using pool lzo/zbud
[    0.846030] Key type trusted registered
[    0.849946] Key type encrypted registered
[    0.850652] AppArmor: AppArmor sha1 policy hashing enabled
[    0.851515] ima: No TPM chip found, activating TPM-bypass!
[    0.853346] ima: Allocated hash algorithm: sha1
[    0.855011] evm: HMAC attrs: 0x1
[    0.856102]   Magic number: 15:536:514
[    0.856893] rtc_cmos rtc_cmos: setting system clock to 2019-12-08 04:30:19 UTC (1575779419)
[    0.858475] BIOS EDD facility v0.16 2004-Jun-25, 0 devices found
[    0.859406] EDD information not available.
[    0.971593] Freeing unused kernel memory: 1488K
[    0.975915] Write protecting the kernel read-only data: 14336k
[    0.980408] Freeing unused kernel memory: 1604K
[    0.983321] Freeing unused kernel memory: 60K
Loading, please wait...
starting version 229
[    1.021208] random: systemd-udevd: uninitialized urandom read (16 bytes read, 1 bits of entropy available)
[    1.023081] random: udevadm: uninitialized urandom read (16 bytes read, 1 bits of entropy available)
[    1.023125] random: udevadm: uninitialized urandom read (16 bytes read, 1 bits of entropy available)
[    1.034382] random: systemd-udevd: uninitialized urandom read (16 bytes read, 1 bits of entropy available)
[    1.038643] random: systemd-udevd: uninitialized urandom read (16 bytes read, 1 bits of entropy available)
[    1.041636] random: udevadm: uninitialized urandom read (16 bytes read, 1 bits of entropy available)
[    1.041734] random: udevadm: uninitialized urandom read (16 bytes read, 1 bits of entropy available)
[    1.042846] random: udevadm: uninitialized urandom read (16 bytes read, 1 bits of entropy available)
[    1.042971] random: udevadm: uninitialized urandom read (16 bytes read, 1 bits of entropy available)
[    1.043092] random: udevadm: uninitialized urandom read (16 bytes read, 1 bits of entropy available)
[    1.117993] Fusion MPT base driver 3.04.20
[    1.120781] Copyright (c) 1999-2008 LSI Corporation
[    1.124817] e1000: Intel(R) PRO/1000 Network Driver - version 7.3.21-k8-NAPI
[    1.135992] e1000: Copyright (c) 1999-2006 Intel Corporation.
[    1.158599] AVX2 version of gcm_enc/dec engaged.
[    1.159741] AES CTR mode by8 optimization enabled
[    1.172659] Fusion MPT SPI Host driver 3.04.20
[    1.348921] input: ImExPS/2 Generic Explorer Mouse as /devices/platform/i8042/serio1/input/input4
[    1.497991] e1000 0000:00:03.0 eth0: (PCI:33MHz:32-bit) 02:39:67:e0:78:98
[    1.501148] e1000 0000:00:03.0 eth0: Intel(R) PRO/1000 Network Connection
[    1.506159] mptbase: ioc0: Initiating bringup
[    1.506302] e1000 0000:00:03.0 enp0s3: renamed from eth0
[    1.576339] ioc0: LSI53C1030 A0: Capabilities={Initiator}
[    1.923643] scsi host2: ioc0: LSI53C1030 A0, FwRev=00000000h, Ports=1, MaxQ=256, IRQ=20
[    2.751333] scsi 2:0:0:0: Direct-Access     VBOX     HARDDISK         1.0  PQ: 0 ANSI: 5
[    2.757575] scsi target2:0:0: Beginning Domain Validation
[    2.766338] scsi target2:0:0: Domain Validation skipping write tests
[    2.770966] scsi target2:0:0: Ending Domain Validation
[    2.774669] scsi target2:0:0: asynchronous
[    2.782529] scsi 2:0:1:0: Direct-Access     VBOX     HARDDISK         1.0  PQ: 0 ANSI: 5
[    2.787698] scsi target2:0:1: Beginning Domain Validation
[    2.794245] scsi target2:0:1: Domain Validation skipping write tests
[    2.834347] scsi target2:0:1: Ending Domain Validation
[    2.838118] scsi target2:0:1: asynchronous
[    2.878721] sd 2:0:0:0: [sda] 20971520 512-byte logical blocks: (10.7 GB/10.0 GiB)
[    2.878811] sd 2:0:0:0: Attached scsi generic sg0 type 0
[    2.880246] sd 2:0:1:0: [sdb] 20480 512-byte logical blocks: (10.5 MB/10.0 MiB)
[    2.880679] sd 2:0:1:0: [sdb] Write Protect is off
[    2.880892] sd 2:0:1:0: [sdb] Incomplete mode parameter data
[    2.880896] sd 2:0:1:0: [sdb] Assuming drive cache: write through
[    2.881791] sd 2:0:1:0: Attached scsi generic sg1 type 0
[    2.887717] sd 2:0:1:0: [sdb] Attached SCSI disk
[    2.903900] sd 2:0:0:0: [sda] Write Protect is off
[    2.906667] sd 2:0:0:0: [sda] Incomplete mode parameter data
[    2.909356] sd 2:0:0:0: [sda] Assuming drive cache: write through
[    2.917947]  sda: sda1
[    2.921758] sd 2:0:0:0: [sda] Attached SCSI disk
Begin: Loading essential drivers ... [    4.591745] md: linear personality registered for level -1
[    4.599291] md: multipath personality registered for level -4
[    4.606632] md: raid0 personality registered for level 0
[    4.619495] md: raid1 personality registered for level 1
[    4.696351] raid6: sse2x1   gen()  6594 MB/s
[    4.768567] raid6: sse2x1   xor()  8881 MB/s
[    4.838626] raid6: sse2x2   gen() 15166 MB/s
[    4.905943] raid6: sse2x2   xor()  8840 MB/s
[    4.985336] raid6: sse2x4   gen() 20211 MB/s
[    5.052847] raid6: sse2x4   xor() 11304 MB/s
[    5.121567] raid6: avx2x1   gen() 22474 MB/s
[    5.196445] raid6: avx2x2   gen() 24779 MB/s
[    5.264061] raid6: avx2x4   gen() 22672 MB/s
[    5.265258] raid6: using algorithm avx2x2 gen() 24779 MB/s
[    5.266265] raid6: using avx2x2 recovery algorithm
[    5.769324] xor: automatically using best checksumming function:
[    5.841672]    avx       : 106253.000 MB/sec
[    5.845547] async_tx: api initialized (async)
[    5.867150] md: raid6 personality registered for level 6
[    5.868332] md: raid5 personality registered for level 5
[    5.869429] md: raid4 personality registered for level 4
[    5.884938] md: raid10 personality registered for level 10
done.
Begin: Running /scripts/init-premount ... done.
Begin: Mounting root file system ... Begin: Running /scripts/local-top ... done.
Begin: Running /scripts/local-premount ... [    5.929571] Btrfs loaded
Scanning for Btrfs filesystems
done.
Warning: fsck not present, so skipping root file system
[    5.985438] EXT4-fs (sda1): INFO: recovery required on readonly filesystem
[    5.986847] EXT4-fs (sda1): write access will be enabled during recovery
[    6.160796] EXT4-fs (sda1): recovery complete
[    6.162190] EXT4-fs (sda1): mounted filesystem with ordered data mode. Opts: (null)
done.
Begin: Running /scripts/local-bottom ... done.
Begin: Running /scripts/init-bottom ... done.
[    6.364515] systemd[1]: systemd 229 running in system mode. (+PAM +AUDIT +SELINUX +IMA +APPARMOR +SMACK +SYSVINIT +UTMP +LIBCRYPTSETUP +GCRYPT +GNUTLS +ACL +XZ -LZ4 +SECCOMP +BLKID +ELFUTILS +KMOD -IDN)
[    6.370052] systemd[1]: Detected virtualization oracle.
[    6.370947] systemd[1]: Detected architecture x86-64.

Welcome to [1mUbuntu 16.04.6 LTS[0m!

[    6.374263] systemd[1]: Set hostname to <ubuntu-xenial>.
[    6.619947] systemd[1]: Listening on LVM2 metadata daemon socket.
[[0;32m  OK  [0m] Listening on LVM2 metadata daemon socket.
[    6.623002] systemd[1]: Listening on /dev/initctl Compatibility Named Pipe.
[[0;32m  OK  [0m] Listening on /dev/initctl Compatibility Named Pipe.
[    6.625432] systemd[1]: Reached target Swap.
[[0;32m  OK  [0m] Reached target Swap.
[    6.627817] systemd[1]: Listening on udev Control Socket.
[[0;32m  OK  [0m] Listening on udev Control Socket.
[    6.630125] systemd[1]: Reached target Encrypted Volumes.
[[0;32m  OK  [0m] Reached target Encrypted Volumes.
[    6.632011] systemd[1]: Listening on Syslog Socket.
[[0;32m  OK  [0m] Listening on Syslog Socket.
[    6.633742] systemd[1]: Listening on Device-mapper event daemon FIFOs.
[[0;32m  OK  [0m] Listening on Device-mapper event daemon FIFOs.
[    6.872546] systemd[1]: Listening on udev Kernel Socket.
[[0;32m  OK  [0m] Listening on udev Kernel Socket.
[    6.874659] systemd[1]: Set up automount Arbitrary Executable File Formats File System Automount Point.
[[0;32m  OK  [0m] Set up automount Arbitrary Executab...ats File System Automount Point.
[    6.878754] systemd[1]: Reached target User and Group Name Lookups.
[[0;32m  OK  [0m] Reached target User and Group Name Lookups.
[    6.880945] systemd[1]: Started Forward Password Requests to Wall Directory Watch.
[[0;32m  OK  [0m] Started Forward Password Requests to Wall Directory Watch.
[    6.883803] systemd[1]: Created slice User and Session Slice.
[[0;32m  OK  [0m] Created slice User and Session Slice.
[    6.885758] systemd[1]: Listening on Journal Socket (/dev/log).
[[0;32m  OK  [0m] Listening on Journal Socket (/dev/log).
[    6.888048] systemd[1]: Created slice System Slice.
[[0;32m  OK  [0m] Created slice System Slice.
[    6.890276] systemd[1]: Created slice system-serial\x2dgetty.slice.
[[0;32m  OK  [0m] Created slice system-serial\x2dgetty.slice.
[    6.892503] systemd[1]: Reached target Slices.
[[0;32m  OK  [0m] Reached target Slices.
[    6.895176] systemd[1]: Listening on LVM2 poll daemon socket.
[[0;32m  OK  [0m] Listening on LVM2 poll daemon socket.
[    6.899145] systemd[1]: Listening on Journal Audit Socket.
[[0;32m  OK  [0m] Listening on Journal Audit Socket.
[    6.901198] systemd[1]: Started Trigger resolvconf update for networkd DNS.
[[0;32m  OK  [0m] Started Trigger resolvconf update for networkd DNS.
[    6.903061] systemd[1]: Listening on Journal Socket.
[[0;32m  OK  [0m] Listening on Journal Socket.
[    7.196300] systemd[1]: Mounting POSIX Message Queue File System...
         Mounting POSIX Message Queue File System...
[    7.204315] random: nonblocking pool is initialized
[    7.205691] systemd[1]: Starting Uncomplicated firewall...
         Starting Uncomplicated firewall...
[    7.222017] systemd[1]: Mounting Huge Pages File System...
         Mounting Huge Pages File System...
[    7.232218] systemd[1]: Mounting Debug File System...
         Mounting Debug File System...
[    7.242723] systemd[1]: Starting Create list of required static device nodes for the current kernel...
         Starting Create list of required st... nodes for the current kernel...
[    7.258237] systemd[1]: Starting Set console keymap...
         Starting Set console keymap...
[    7.267800] systemd[1]: Starting Remount Root and Kernel File Systems...
         Starting Remount Root and Kernel File Systems...
[    7.277987] systemd[1]: Starting Monitoring of LVM2 mirrors, snapshots etc. using dmeventd or progress polling...
[    7.278110] EXT4-fs (sda1): re-mounted. Opts: (null)
         Starting Monitoring of LVM2 mirrors... dmeventd or progress polling...
[    7.303357] systemd[1]: Starting Journal Service...
         Starting Journal Service...
[    7.317759] systemd[1]: Starting Load Kernel Modules...
         Starting Load Kernel Modules...
[    7.338113] systemd[1]: Starting Nameserver information manager...
         Starting Nameserver information manager...
[    7.345526] systemd[1]: Reached target System Time Synchronized.
[    7.353417] Loading iSCSI transport class v2.0-870.
[[0;32m  OK  [0m] Reached target System Time Synchronized.
[    7.361315] systemd[1]: Mounted Debug File System.
[[0;32m  OK  [0m] Mounted Debug File System.
[    7.367374] systemd[1]: Mounted Huge Pages File System.
[[0;32m  OK  [0m] Mounted Huge Pages File System.
[    7.375481] systemd[1]: Mounted POSIX Message Queue File System.
[[0;32m  OK  [0m] Mounted POSIX Message Queue File System.
[    7.381629] systemd[1]: Started Journal Service.
[[0;32m  OK  [0m] Started Journal Service.
[    7.387078] iscsi: registered transport (tcp)
[[0;32m  OK  [0m] Started Uncomplicated firewall.
[[0;32m  OK  [0m] Started Create list of required sta...ce nodes for the current kernel.
[[0;32m  OK  [0m] Started Set console keymap.
[[0;32m  OK  [0m] Started Remount Root and Kernel File Systems.
[[0;32m  OK  [0m] Started Nameserver information manager.
[    7.572834] iscsi: registered transport (iser)
[[0;32m  OK  [0m] Started LVM2 metadata daemon.
         Starting Load/Save Random Seed...
         Starting udev Coldplug all Devices...
         Starting Create Static Device Nodes in /dev...
         Starting Flush Journal to Persistent Storage...
[[0;32m  OK  [0m] Started Load Kernel Modules.
[[0;32m  OK  [0m] Started Load/Save Random Seed.
[[0;32m  OK  [0m] Started Create Static Device Nodes in /dev.
[    7.695577] systemd-journald[446]: Received request to flush runtime journal from PID 1
[[0;32m  OK  [0m] Started Flush Journal to Persistent Storage.
         Starting udev Kernel Device Manager...
         Mounting FUSE Control File System...
         Starting Apply Kernel Variables...
[[0;32m  OK  [0m] Mounted FUSE Control File System.
[[0;32m  OK  [0m] Started udev Coldplug all Devices.
[[0;32m  OK  [0m] Started Apply Kernel Variables.
[[0;32m  OK  [0m] Started udev Kernel Device Manager.
[[0;32m  OK  [0m] Started Dispatch Password Requests to Console Directory Watch.
[[0;32m  OK  [0m] Started Monitoring of LVM2 mirrors,...ng dmeventd or progress polling.
[[0;32m  OK  [0m] Reached target Local File Systems (Pre).
[[0;32m  OK  [0m] Reached target Local File Systems.
         Starting Enable support for additional executable binary formats...
         Starting Tell Plymouth To Write Out Runtime Data...
         Starting Set console font and keymap...
         Starting Initial cloud-init job (pre-networking)...
         Starting Create Volatile Files and Directories...
         Starting LSB: AppArmor initialization...
[[0;32m  OK  [0m] Started Tell Plymouth To Write Out Runtime Data.
[[0;32m  OK  [0m] Started Create Volatile Files and Directories.
[[0;32m  OK  [0m] Found device /dev/ttyS0.
[[0;32m  OK  [0m] Started LSB: AppArmor initialization.
[[0;32m  OK  [0m] Listening on Load/Save RF Kill Switch Status /dev/rfkill Watch.
         Starting Update UTMP about System Boot/Shutdown...
         Mounting Arbitrary Executable File Formats File System...
[[0;32m  OK  [0m] Mounted Arbitrary Executable File Formats File System.
[[0;32m  OK  [0m] Started Enable support for additional executable binary formats.
[[0;32m  OK  [0m] Started Update UTMP about System Boot/Shutdown.
[    9.232655] cloud-init[558]: Cloud-init v. 19.2-36-g059d049c-0ubuntu2~16.04.1 running 'init-local' at Sun, 08 Dec 2019 04:30:27 +0000. Up 8.87 seconds.
[[0;32m  OK  [0m] Started Initial cloud-init job (pre-networking).
[[0;32m  OK  [0m] Reached target Network (Pre).
         Starting Raise network interfaces...
[[0;32m  OK  [0m] Started ifup for enp0s3.
[[0;32m  OK  [0m] Started Set console font and keymap.
[[0;32m  OK  [0m] Created slice system-getty.slice.
[[0;32m  OK  [0m] Started Raise network interfaces.
         Starting Initial cloud-init job (metadata service crawler)...
[[0;32m  OK  [0m] Reached target Network.
[    9.941308] cloud-init[1057]: Cloud-init v. 19.2-36-g059d049c-0ubuntu2~16.04.1 running 'init' at Sun, 08 Dec 2019 04:30:28 +0000. Up 9.75 seconds.
[    9.943797] cloud-init[1057]: ci-info: ++++++++++++++++++++++++++++++++++++++Net device info++++++++++++++++++++++++++++++++++++++
[    9.945331] cloud-init[1057]: ci-info: +--------+------+----------------------------+---------------+--------+-------------------+
[    9.946793] cloud-init[1057]: ci-info: | Device |  Up  |          Address           |      Mask     | Scope  |     Hw-Address    |
[    9.948309] cloud-init[1057]: ci-info: +--------+------+----------------------------+---------------+--------+-------------------+
[    9.950071] cloud-init[1057]: ci-info: | enp0s3 | True |         10.0.2.15          | 255.255.255.0 | global | 02:39:67:e0:78:98 |
[    9.951832] cloud-init[1057]: ci-info: | enp0s3 | True | fe80::39:67ff:fee0:7898/64 |       .       |  link  | 02:39:67:e0:78:98 |
[    9.953388] cloud-init[1057]: ci-info: |   lo   | True |         127.0.0.1          |   255.0.0.0   |  host  |         .         |
[    9.955020] cloud-init[1057]: ci-info: |   lo   | True |          ::1/128           |       .       |  host  |         .         |
[    9.956855] cloud-init[1057]: ci-info: +--------+------+----------------------------+---------------+--------+-------------------+
[    9.959282] cloud-init[1057]: ci-info: +++++++++++++++++++++++++++Route IPv4 info++++++++++++++++++++++++++++
[    9.960778] cloud-init[1057]: ci-info: +-------+-------------+----------+---------------+-----------+-------+
[    9.962407] cloud-init[1057]: ci-info: | Route | Destination | Gateway  |    Genmask    | Interface | Flags |
[    9.964502] cloud-init[1057]: ci-info: +-------+-------------+----------+---------------+-----------+-------+
[    9.966262] cloud-init[1057]: ci-info: |   0   |   0.0.0.0   | 10.0.2.2 |    0.0.0.0    |   enp0s3  |   UG  |
[    9.967656] cloud-init[1057]: ci-info: |   1   |   10.0.2.0  | 0.0.0.0  | 255.255.255.0 |   enp0s3  |   U   |
[    9.969039] cloud-init[1057]: ci-info: +-------+-------------+----------+---------------+-----------+-------+
[    9.970482] cloud-init[1057]: ci-info: +++++++++++++++++++Route IPv6 info+++++++++++++++++++
[    9.971528] cloud-init[1057]: ci-info: +-------+-------------+---------+-----------+-------+
[    9.972535] cloud-init[1057]: ci-info: | Route | Destination | Gateway | Interface | Flags |
[    9.973851] cloud-init[1057]: ci-info: +-------+-------------+---------+-----------+-------+
[    9.975132] cloud-init[1057]: ci-info: |   0   |  fe80::/64  |    ::   |   enp0s3  |   U   |
[    9.976382] cloud-init[1057]: ci-info: |   3   |   ff00::/8  |    ::   |   enp0s3  |   U   |
[    9.977698] cloud-init[1057]: ci-info: +-------+-------------+---------+-----------+-------+
[[0;32m  OK  [0m] Started Initial cloud-init job (metadata service crawler).
[[0;32m  OK  [0m] Reached target System Initialization.
         Starting LXD - unix socket.
[[0;32m  OK  [0m] Started Daily apt download activities.
[[0;32m  OK  [0m] Started Daily apt upgrade and clean activities.
[[0;32m  OK  [0m] Listening on ACPID Listen Socket.
[[0;32m  OK  [0m] Listening on UUID daemon activation socket.
[[0;32m  OK  [0m] Started ACPI Events Check.
[[0;32m  OK  [0m] Reached target Paths.
         Starting Socket activation for snappy daemon.
[[0;32m  OK  [0m] Started Daily Cleanup of Temporary Directories.
[[0;32m  OK  [0m] Started Message of the Day.
[[0;32m  OK  [0m] Reached target Timers.
[[0;32m  OK  [0m] Listening on D-Bus System Message Bus Socket.
[[0;32m  OK  [0m] Reached target Cloud-config availability.
[[0;32m  OK  [0m] Reached target Network is Online.
         Starting iSCSI initiator daemon (iscsid)...
[[0;32m  OK  [0m] Listening on LXD - unix socket.
[[0;32m  OK  [0m] Listening on Socket activation for snappy daemon.
[[0;32m  OK  [0m] Started iSCSI initiator daemon (iscsid).
         Starting Login to default iSCSI targets...
[[0;32m  OK  [0m] Reached target Sockets.
[[0;32m  OK  [0m] Reached target Basic System.
         Starting /etc/rc.local Compatibility...
[[0;32m  OK  [0m] Started D-Bus System Message Bus.
         Starting Login Service...
[[0;32m  OK  [0m] Started Deferred execution scheduler.
[[0;32m  OK  [0m] Started ACPI event daemon.
         Starting LSB: MD monitoring daemon...
         Starting Virtualbox guest utils...
         Starting Accounts Service...
[[0;32m  OK  [0m] Started FUSE filesystem for LXC.
[[0;32m  OK  [0m] Started Regular background program processing daemon.
         Starting Snappy daemon...
         Starting OpenBSD Secure Shell server...
         Starting System Logging Service...
         Starting LSB: Record successful boot for GRUB...
         Starting LXD - container startup/shutdown...
[[0;32m  OK  [0m] Started /etc/rc.local Compatibility.
[[0;32m  OK  [0m] Started System Logging Service.
[[0;32m  OK  [0m] Started OpenBSD Secure Shell server.
[[0;32m  OK  [0m] Started Login to default iSCSI targets.
[[0;32m  OK  [0m] Started LSB: MD monitoring daemon.
[[0;32m  OK  [0m] Started LXD - container startup/shutdown.
[[0;32m  OK  [0m] Started LSB: Record successful boot for GRUB.
[[0;32m  OK  [0m] Started Login Service.
[[0;32m  OK  [0m] Started Unattended Upgrades Shutdown.
         Starting Authenticate and Authorize Users to Run Privileged Tasks...
[[0;32m  OK  [0m] Reached target Remote File Systems (Pre).
[[0;32m  OK  [0m] Reached target Remote File Systems.
         Starting LSB: daemon to balance interrupts for SMP systems...
         Starting LSB: automatic crash report generation...
         Starting LSB: Set the CPU Frequency Scaling governor to "ondemand"...
         Starting Permit User Sessions...
[[0;32m  OK  [0m] Started Virtualbox guest utils.
[[0;32m  OK  [0m] Started Permit User Sessions.
[[0;32m  OK  [0m] Started Authenticate and Authorize Users to Run Privileged Tasks.
[[0;32m  OK  [0m] Started Accounts Service.
[[0;32m  OK  [0m] Started Snappy daemon.
         Starting Wait until snapd is fully seeded...
         Starting Terminate Plymouth Boot Screen...
         Starting Hold until boot process finishes up...
[[0;32m  OK  [0m] Started LSB: daemon to balance interrupts for SMP systems.
[[0;32m  OK  [0m] Started LSB: automatic crash report generation.
[[0;32m  OK  [0m] Started LSB: Set the CPU Frequency Scaling governor to "ondemand".
[[0;32m  OK  [0m] Started Terminate Plymouth Boot Screen.
[[0;32m  OK  [0m] Started Hold until boot process finishes up.
[[0;32m  OK  [0m] Started Wait until snapd is fully seeded.
         Starting Apply the settings specified in cloud-config...
[[0;32m  OK  [0m] Started Serial Getty on ttyS0.
[[0;32m  OK  [0m] Started Getty on tty1.
[[0;32m  OK  [0m] Reached target Login Prompts.
         Starting Set console scheme...
[[0;32m  OK  [0m] Reached target Multi-User System.
[[0;32m  OK  [0m] Reached target Graphical Interface.
         Starting Update UTMP about System Runlevel Changes...
[[0;32m  OK  [0m] Started Set console scheme.
[[0;32m  OK  [0m] Started Update UTMP about System Runlevel Changes.
[   11.443125] cloud-init[1309]: Cloud-init v. 19.2-36-g059d049c-0ubuntu2~16.04.1 running 'modules:config' at Sun, 08 Dec 2019 04:30:30 +0000. Up 11.36 seconds.
[[0;32m  OK  [0m] Started Apply the settings specified in cloud-config.
         Starting Execute cloud user/final scripts...
[   11.881668] cloud-init[1327]: Cloud-init v. 19.2-36-g059d049c-0ubuntu2~16.04.1 running 'modules:final' at Sun, 08 Dec 2019 04:30:30 +0000. Up 11.80 seconds.
[   11.883181] cloud-init[1327]: Cloud-init v. 19.2-36-g059d049c-0ubuntu2~16.04.1 finished at Sun, 08 Dec 2019 04:30:30 +0000. Datasource DataSourceNoCloud [seed=/dev/sdb][dsmode=net].  Up 11.87 seconds
[[0;32m  OK  [0m] Started Execute cloud user/final scripts.
[[0;32m  OK  [0m] Reached target Cloud-init target.

Ubuntu 16.04.6 LTS ubuntu-xenial ttyS0

ubuntu-xenial login: 